# press "receive mode",
# put cursor in line you want to edit,
# press button on remote control,
# press "write IR"
# repeat the last three steps as often as needed
#
# KEY_UP
# KEY_DOWN
# KEY_MENU
# KEY_OK
# insert below the scancode for button "Back"
# KEY_ESC
# KEY_LEFT
# KEY_RIGHT
# KEY_RED
# KEY_GREEN
# KEY_YELLOW
# KEY_BLUE
# KEY_0
# KEY_1
# KEY_2
# KEY_3
# KEY_4
# KEY_5
# KEY_6
# KEY_7
# KEY_8
# KEY_9
# KEY_INFO
# KEY_PLAY
# KEY_PAUSE
# KEY_PLAYPAUSE
# KEY_STOP
# KEY_RECORD
# KEY_FASTFORWARD
# KEY_REWIND
# KEY_NEXT
# insert below the scancode for button "Prev"
# KEY_BACK
# insert below the scancode for button "Power"
# KEY_POWER2
# KEY_CHANNELUP
# KEY_CHANNELDOWN
# insert below the scancode for button "PrevChannel"
# KEY_PREVIOUS
# KEY_VOLUMEUP
# KEY_VOLUMEDOWN
# KEY_MUTE
# KEY_SUBTITLE
# insert below the scancode for button "Schedule"
# KEY_EPG
# KEY_CHANNEL
# insert below the scancode for button "Commands"
# KEY_FAVORITES
# insert below the scancode for button "Audio"
# KEY_MODE
# insert below the scancode for button "Timers"
# KEY_TIME
# insert below the scancode for button "Recordings"
# KEY_PVR
# KEY_SETUP
# insert below the scancodes for buttons "User0" ... "User9"
# KEY_TEXT
# KEY_PROG1
# KEY_PROG2
# KEY_PROG3
# KEY_PROG4
# KEY_AUDIO
# KEY_VIDEO
# KEY_IMAGES
# KEY_FN
# KEY_SCREEN
